Script started on 2022-01-21 19:23:50-07:00 [TERM="xterm-256color" TTY="/dev/tty1" COLUMNS="81" LINES="45"]
To run a command as administrator (user "root"), use "sudo <command>".
See "man sudo_root" for details.

]0;connorlindeman28@DESKTOP-GATP6TE: ~[01;32mconnorlindeman28@DESKTOP-GATP6TE[00m:[01;34m~[00m$ curl -s -L log.tar.gz -o[K[K[K[K[K[K[K[K[K[K[K[K[Khttps://www.dropbox.com/s/14jagxjbzhyxg8g/log.tar.gz -o fbi.tar.gz

]0;connorlindeman28@DESKTOP-GATP6TE: ~[01;32mconnorlindeman28@DESKTOP-GATP6TE[00m:[01;34m~[00m$ 
]0;connorlindeman28@DESKTOP-GATP6TE: ~[01;32mconnorlindeman28@DESKTOP-GATP6TE[00m:[01;34m~[00m$ tar -xvzf fbi.tar.gz
log.csv
]0;connorlindeman28@DESKTOP-GATP6TE: ~[01;32mconnorlindeman28@DESKTOP-GATP6TE[00m:[01;34m~[00m$ head log.csv
ip,date,time,zone,cik,accession,extention,code,size,idx,norefer,noagent,find,crawler,browser
101.81.229.jeb,2017-06-27,00:00:00,0.0,83402.0,0000083402-97-000006,-index.html,200.0,7492.0,1.0,0.0,0.0,10.0,0.0,
101.81.229.jeb,2017-06-27,00:00:00,0.0,748592.0,0001019687-09-002913,-index.htm,200.0,7931.0,1.0,0.0,0.0,10.0,0.0,
101.81.229.jeb,2017-06-27,00:00:00,0.0,768835.0,0000950152-00-003270,-index.html,200.0,7809.0,1.0,0.0,0.0,10.0,0.0,
101.81.229.jeb,2017-06-27,00:00:00,0.0,769397.0,0000929624-99-000165,-index.html,200.0,6624.0,1.0,0.0,0.0,10.0,0.0,
101.81.229.jeb,2017-06-27,00:00:00,0.0,769397.0,0000769397-17-000031,-index.htm,200.0,11561.0,1.0,0.0,0.0,10.0,0.0,
101.81.229.jeb,2017-06-27,00:00:00,0.0,354950.0,0000354950-99-000003,-index.html,200.0,7224.0,1.0,0.0,0.0,10.0,0.0,
101.81.229.jeb,2017-06-27,00:00:00,0.0,886744.0,0001095811-01-504221,-index.htm,200.0,6420.0,1.0,0.0,0.0,10.0,0.0,
101.81.229.jeb,2017-06-27,00:00:00,0.0,842183.0,0000950123-94-000909,-index.html,200.0,6356.0,1.0,0.0,0.0,10.0,0.0,
101.81.229.jeb,2017-06-27,00:00:00,0.0,748592.0,0001019687-13-004331,-index.htm,200.0,11234.0,1.0,0.0,0.0,10.0,0.0,
]0;connorlindeman28@DESKTOP-GATP6TE: ~[01;32mconnorlindeman28@DESKTOP-GATP6TE[00m:[01;34m~[00m$ grep 'education.exe;[K"[K' log.csv
]0;connorlindeman28@DESKTOP-GATP6TE: ~[01;32mconnorlindeman28@DESKTOP-GATP6TE[00m:[01;34m~[00m$ grep Education log.csv
199.192.67.ihd,2017-06-27,13:47:34,0.0,19617.0,0000019617-15-000320,Ambow[01;31m[KEducation[m[KHoldingLtd.HTM,200.0,37116.0,0.0,0.0,0.0,10.0,0.0,
199.192.67.ihd,2017-06-27,17:31:12,0.0,19617.0,0000019617-15-000320,Ambow[01;31m[KEducation[m[KHoldingLtd.HTM,200.0,37116.0,0.0,0.0,0.0,10.0,0.0,
]0;connorlindeman28@DESKTOP-GATP6TE: ~[01;32mconnorlindeman28@DESKTOP-GATP6TE[00m:[01;34m~[00m$ grep Education [K l[Klog.csv >[K> fb[Kbiinfo.txt
]0;connorlindeman28@DESKTOP-GATP6TE: ~[01;32mconnorlindeman28@DESKTOP-GATP6TE[00m:[01;34m~[00m$ fbiinfo.txt
fbiinfo.txt: command not found
]0;connorlindeman28@DESKTOP-GATP6TE: ~[01;32mconnorlindeman28@DESKTOP-GATP6TE[00m:[01;34m~[00m$ head fb [Kiinfo.txt
199.192.67.ihd,2017-06-27,13:47:34,0.0,19617.0,0000019617-15-000320,AmbowEducationHoldingLtd.HTM,200.0,37116.0,0.0,0.0,0.0,10.0,0.0,
199.192.67.ihd,2017-06-27,17:31:12,0.0,19617.0,0000019617-15-000320,AmbowEducationHoldingLtd.HTM,200.0,37116.0,0.0,0.0,0.0,10.0,0.0,
]0;connorlindeman28@DESKTOP-GATP6TE: ~[01;32mconnorlindeman28@DESKTOP-GATP6TE[00m:[01;34m~[00m$ git version
git version 2.25.1
]0;connorlindeman28@DESKTOP-GATP6TE: ~[01;32mconnorlindeman28@DESKTOP-GATP6TE[00m:[01;34m~[00m$ git clone https://github.com/clindeman28/stc510.git
fatal: destination path 'stc510' already exists and is not an empty directory.
]0;connorlindeman28@DESKTOP-GATP6TE: ~[01;32mconnorlindeman28@DESKTOP-GATP6TE[00m:[01;34m~[00m$ git add fbiinfo.txt
fatal: not a git repository (or any of the parent directories): .git
]0;connorlindeman28@DESKTOP-GATP6TE: ~[01;32mconnorlindeman28@DESKTOP-GATP6TE[00m:[01;34m~[00m$ cd stc510
]0;connorlindeman28@DESKTOP-GATP6TE: ~/stc510[01;32mconnorlindeman28@DESKTOP-GATP6TE[00m:[01;34m~/stc510[00m$ git add fbiinfo.txt
fatal: pathspec 'fbiinfo.txt' did not match any files
]0;connorlindeman28@DESKTOP-GATP6TE: ~/stc510[01;32mconnorlindeman28@DESKTOP-GATP6TE[00m:[01;34m~/stc510[00m$ exploere[K[K[Krere[K.exe
]0;connorlindeman28@DESKTOP-GATP6TE: ~/stc510[01;32mconnorlindeman28@DESKTOP-GATP6TE[00m:[01;34m~/stc510[00m$ .[Kex[K[Kexplorer.exe .
]0;connorlindeman28@DESKTOP-GATP6TE: ~/stc510[01;32mconnorlindeman28@DESKTOP-GATP6TE[00m:[01;34m~/stc510[00m$ exploere.exe .
exploere.exe: command not found
]0;connorlindeman28@DESKTOP-GATP6TE: ~/stc510[01;32mconnorlindeman28@DESKTOP-GATP6TE[00m:[01;34m~/stc510[00m$ explorere[K.x[Kexe .
]0;connorlindeman28@DESKTOP-GATP6TE: ~/stc510[01;32mconnorlindeman28@DESKTOP-GATP6TE[00m:[01;34m~/stc510[00m$ git commit
On branch main
Your branch is up to date with 'origin/main'.

Untracked files:
  (use "git add <file>..." to include in what will be committed)
	[31mfbiinfo.txt[m
	[31mhello.py.save[m

nothing added to commit but untracked files present (use "git add" to track)
]0;connorlindeman28@DESKTOP-GATP6TE: ~/stc510[01;32mconnorlindeman28@DESKTOP-GATP6TE[00m:[01;34m~/stc510[00m$ git add fbiinfo.txt
warning: LF will be replaced by CRLF in fbiinfo.txt.
The file will have its original line endings in your working directory
]0;connorlindeman28@DESKTOP-GATP6TE: ~/stc510[01;32mconnorlindeman28@DESKTOP-GATP6TE[00m:[01;34m~/stc510[00m$ git push
Username for 'https://github.com': clindmean28      eman28
Password for 'https://clindeman28@github.com': 
Everything up-to-date
]0;connorlindeman28@DESKTOP-GATP6TE: ~/stc510[01;32mconnorlindeman28@DESKTOP-GATP6TE[00m:[01;34m~/stc510[00m$ git commit
hint: Waiting for your editor to close the file... [?2004h[?1049h[22;0;0t[1;45r(B[m[4l[?7h[39;49m[?1h=[?1h=[?25l[39;49m(B[m[H[2J[43;34H(B[0;7m[ Reading... ](B[m[43;33H(B[0;7m[ Read 13 lines ](B[m[H(B[0;7m  GNU nano 4.8    /home/connorlindeman28/stc510/.git/COMMIT_EDITMSG              [1;80H(B[m[44d(B[0;7m^G(B[m Get Help  (B[0;7m^O(B[m Write Out (B[0;7m^W(B[m Where Is  (B[0;7m^K(B[m Cut Text  (B[0;7m^J(B[m Justify   (B[0;7m^C(B[m Cur Pos[45d(B[0;7m^X(B[m Exit[14G(B[0;7m^R(B[m Read File (B[0;7m^\(B[m Replace   (B[0;7m^U(B[m Paste Text(B[0;7m^T(B[m To Spell  (B[0;7m^_(B[m Go To Line[43d[3d[39;49m[36m# Please enter the commit message for your changes. Lines starting[4d# with '#' will be ignored, and an empty message aborts the commit.[5d#[6d# On branch main[7d# Your branch is up to date with 'origin/main'.[8d#[9d# Changes to be committed:[10d#       new file:   fbiinfo.txt[11d#[12d# Untracked files:[13d#       hello.py.save[14d#[2d[39m(B[m[?12l[?25h[?25l[1;72H(B[0;7mModified(B[m7[2;42r8[2dM[1;45r[3;1H[?12l[?25h[?25l[2;42r[42;1H
[1;45r[2;1H[?12l[?25h[?25l[43d(B[0;7mSave modified buffer?                                                            [44;1H Y(B[m Yes[K[45d(B[0;7m N(B[m No  [14G   (B[0;7m^C(B[m Cancel[K[43;23H[?12l[?25h[?25l[44d(B[0;7m^G(B[m Get Help[44;21H(B[0;7mM-D(B[m DOS Format[41G(B[0;7mM-A(B[m Append[44;61H(B[0;7mM-B(B[m Backup File[45d(B[0;7m^C(B[m Cancel[17G    (B[0;7mM-M(B[m Mac Format[41G(B[0;7mM-P(B[m Prepend[45;61H(B[0;7m^T(B[m To Files[43d(B[0;7mFile Name to Write: /home/connorlindeman28/stc510/.git/COMMIT_EDITMSG(B[m[43;70H[?12l[?25h[?25l[43;33H[1K (B[0;7m[ Writing... ](B[m[K[1;72H(B[0;7m        (B[m[43;32H(B[0;7m[ Wrote 13 lines ](B[m[J[45d[?12l[?25h[45;1H[?1049l[23;0;0t[?1l>[?2004l[KAborting commit due to empty commit message.
]0;connorlindeman28@DESKTOP-GATP6TE: ~/stc510[01;32mconnorlindeman28@DESKTOP-GATP6TE[00m:[01;34m~/stc510[00m$ git status
On branch main
Your branch is up to date with 'origin/main'.

Changes to be committed:
  (use "git restore --staged <file>..." to unstage)
	[32mnew file:   fbiinfo.txt[m

Untracked files:
  (use "git add <file>..." to include in what will be committed)
	[31mhello.py.save[m

]0;connorlindeman28@DESKTOP-GATP6TE: ~/stc510[01;32mconnorlindeman28@DESKTOP-GATP6TE[00m:[01;34m~/stc510[00m$ git commit
hint: Waiting for your editor to close the file... [?2004h[?1049h[22;0;0t[1;45r(B[m[4l[?7h[39;49m[?1h=[?1h=[?25l[39;49m(B[m[H[2J[43;34H(B[0;7m[ Reading... ](B[m[43;33H(B[0;7m[ Read 13 lines ](B[m[H(B[0;7m  GNU nano 4.8    /home/connorlindeman28/stc510/.git/COMMIT_EDITMSG              [1;80H(B[m[44d(B[0;7m^G(B[m Get Help  (B[0;7m^O(B[m Write Out (B[0;7m^W(B[m Where Is  (B[0;7m^K(B[m Cut Text  (B[0;7m^J(B[m Justify   (B[0;7m^C(B[m Cur Pos[45d(B[0;7m^X(B[m Exit[14G(B[0;7m^R(B[m Read File (B[0;7m^\(B[m Replace   (B[0;7m^U(B[m Paste Text(B[0;7m^T(B[m To Spell  (B[0;7m^_(B[m Go To Line[43d[3d[39;49m[36m# Please enter the commit message for your changes. Lines starting[4d# with '#' will be ignored, and an empty message aborts the commit.[5d#[6d# On branch main[7d# Your branch is up to date with 'origin/main'.[8d#[9d# Changes to be committed:[10d#       new file:   fbiinfo.txt[11d#[12d# Untracked files:[13d#       hello.py.save[14d#[2d[39m(B[m[?12l[?25h[?25l[1;72H(B[0;7mModified(B[m[2dg[?12l[?25h[?25li[?12l[?25h[?25lt[?12l[?25h[?25l [?12l[?25h[?25lc[?12l[?25h[?25lo[?12l[?25h[?25lm[?12l[?25h[?25lm[?12l[?25h[?25li[?12l[?25h[?25lt[?12l[?25h[?25l7[3;42r8[3dM[1;45r[3;1H[?12l[?25h[?25l[3;42r[42;1H
[1;45r[2;11H[?12l[?25h[?25l [?12l[?25h[?25l [?12l[?25h[?25l [?12l[?25h[?25l [?12l[?25h[?25l [?12l[?25h[?25l [?12l[?25h[?25l[?12l[?25h[?25l [?12l[?25h[?25l [?12l[?25h[?25l[K[?12l[?25h[?25l[?12l[?25h[?25l"[?12l[?25h[?25lC[?12l[?25h[?25l [43d[K[2d"[?12l[?25h[?25lF[?12l[?25h[?25lo[?12l[?25h[?25lu[?12l[?25h[?25ln[?12l[?25h[?25ld[?12l[?25h[?25l [?12l[?25h[?25lt[?12l[?25h[?25lh[?12l[?25h[?25le[?12l[?25h[?25l [?12l[?25h[?25lF[?12l[?25h[?25lB[?12l[?25h[?25lI[?12l[?25h[?25l [?12l[?25h[?25li[?12l[?25h[?25ln[?12l[?25h[?25lf[?12l[?25h[?25lo[?12l[?25h[?25lr[?12l[?25h[?25lm[?12l[?25h[?25la[?12l[?25h[?25li[?12l[?25h[?25lt[?12l[?25h[?25lo[?12l[?25h[?25ln[?12l[?25h[?25l [?12l[?25h[?25ln[?12l[?25h[?25le[?12l[?25h[?25le[?12l[?25h[?25ld[?12l[?25h[?25le[?12l[?25h[?25ld[?12l[?25h[?25l"[?12l[?25h[?25l[43d(B[0;7mSave modified buffer?                                                            [44;1H Y(B[m Yes[K[45d(B[0;7m N(B[m No  [14G   (B[0;7m^C(B[m Cancel[K[43;23H[?12l[?25h[?25l[44d(B[0;7m^G(B[m Get Help[44;21H(B[0;7mM-D(B[m DOS Format[41G(B[0;7mM-A(B[m Append[44;61H(B[0;7mM-B(B[m Backup File[45d(B[0;7m^C(B[m Cancel[17G    (B[0;7mM-M(B[m Mac Format[41G(B[0;7mM-P(B[m Prepend[45;61H(B[0;7m^T(B[m To Files[43d(B[0;7mFile Name to Write: /home/connorlindeman28/stc510/.git/COMMIT_EDITMSG(B[m[43;70H[?12l[?25h[?25l[43;33H[1K (B[0;7m[ Writing... ](B[m[K[1;72H(B[0;7m        (B[m[43;32H(B[0;7m[ Wrote 13 lines ](B[m[J[45d[?12l[?25h[45;1H[?1049l[23;0;0t[?1l>[?2004l[K[main 7168502] "Found the FBI informaiton needed"
 1 file changed, 2 insertions(+)
 create mode 100644 fbiinfo.txt
]0;connorlindeman28@DESKTOP-GATP6TE: ~/stc510[01;32mconnorlindeman28@DESKTOP-GATP6TE[00m:[01;34m~/stc510[00m$ gt[Kit push
Username for 'https://github.com': clindmean    eman28
Password for 'https://clindeman28@github.com': 
Enumerating objects: 4, done.
Counting objects:  25% (1/4)Counting objects:  50% (2/4)Counting objects:  75% (3/4)Counting objects: 100% (4/4)Counting objects: 100% (4/4), done.
Delta compression using up to 8 threads
Compressing objects:  33% (1/3)Compressing objects:  66% (2/3)Compressing objects: 100% (3/3)Compressing objects: 100% (3/3), done.
Writing objects:  33% (1/3)Writing objects:  66% (2/3)Writing objects: 100% (3/3)Writing objects: 100% (3/3), 480 bytes | 240.00 KiB/s, done.
Total 3 (delta 0), reused 0 (delta 0)
To https://github.com/clindeman28/stc510.git
   62051d7..7168502  main -> main
]0;connorlindeman28@DESKTOP-GATP6TE: ~/stc510[01;32mconnorlindeman28@DESKTOP-GATP6TE[00m:[01;34m~/stc510[00m$ cd
]0;connorlindeman28@DESKTOP-GATP6TE: ~[01;32mconnorlindeman28@DESKTOP-GATP6TE[00m:[01;34m~[00m$ exit
exit

Script done on 2022-01-21 19:53:11-07:00 [COMMAND_EXIT_CODE="0"]
